// Jest Snapshot v1, https://goo.gl/fbAQLP

exports[`matches snapshot 1`] = `
<DocumentFragment>
  <div
    data-testid="box"
  >
    <div
      style="height: 100px; width: 100px; background-color: blue;"
    />
  </div>
</DocumentFragment>
`;
